$ git mv graph 1.JPG abs_graph_1
$ git status
> # On branch Math_Graph_Images
> # Changes to be committed:
> #   (use "git reset HEAD ..." to unstage)
> #
> #     renamed: graph 1.JPG -> abs_graph_1
> #
$ git commit -m "Rename file"
# Commits the tracked changes and prepares them to be pushed to a remote repository.
# To remove this commit and modify the file, use 'git reset --soft HEAD~1' and commit and add the file again.
$ git push origin Math_Graph_Images
# Pushes the changes in your local repository up to the remote repository you specified as the origin
